// Jest Snapshot v1, https://goo.gl/fbAQLP

exports[`Tour Page snapshot testing should Tour Page match snapshot 1`] = `
<DocumentFragment>
  <div
    class="css-2k8nkm"
  >
    <div>
      <nav
        class="css-rtewkn"
      >
        <div
          class="css-152fd1"
        >
          <p
            class="MuiLink-root MuiLink-underlineNone css-10s3667-MuiLink-root"
            color="primary"
            component="a"
            href="#about-tour"
            variant="body1"
          >
            About us
          </p>
          <p
            class="MuiLink-root MuiLink-underlineNone css-10s3667-MuiLink-root"
            color="primary"
            component="a"
            href="#reasons-to-choose"
            variant="body1"
          >
            Reasons to choose
          </p>
          <p
            class="MuiLink-root MuiLink-underlineNone css-10s3667-MuiLink-root"
            color="primary"
            component="a"
            href="#included"
            variant="body1"
          >
            What is included?
          </p>
        </div>
      </nav>
    </div>
  </div>
  <div
    class="css-souzgl"
  >
    <div>
      <div
        class="css-6qaath"
      >
        <div
          sx="[object Object]"
        >
          <div
            class="css-hyfiop"
            id="about-tour"
          >
            <p
              variant="h2"
            >
              About tour
            </p>
            <div
              sx="[object Object]"
            >
              <p>
                Each medieval city is full of various legends and mystical stories. Lviv is no exception because more than 760 years of history simply could not help but leave mysterious legends.
              </p>
              <p>
                The guide will tell and show that Lviv legends can impress no less than Lviv architecture. This tour will be filled with incredible stories - unusual stories from the life of the Galician capital.
              </p>
              <p>
                How can one explain the black colour of one of the houses on Rynok Square? How did Adam Senyavsky marry his daughter? How did the first bulletin board appear in Lviv? Why did one Lviv lady make a not entirely decent offer to the tram? Are the legends about Lviv ghosts true? What do Lviv courtyards hide?
              </p>
              <p>
                All this and more you can learn during this tour.
              </p>
              <p>
                Looks like today. The program of individual excursions: at any hour.
              </p>
            </div>
          </div>
          <div
            class="css-hyfiop"
            id="reasons-to-choose"
          >
            <div>
              TourAccordion
            </div>
          </div>
          <div
            class="css-hyfiop"
            id="included"
          >
            <div>
              TourAccordion
            </div>
          </div>
        </div>
      </div>
      <div
        class="css-13fe9vk"
      >
        <div
          alignitems="center"
          direction="row"
          justifycontent="space-between"
        >
          <p
            class="css-15abi6z"
          >
            €70
          </p>
          <button
            sx="[object Object]"
          >
            More info
          </button>
        </div>
      </div>
    </div>
    <div
      class="css-v912gw"
      style="webkit-transform: translateY(NaNpx); transform: translateY(NaNpx); webkit-transition: -webkit-transform 195ms cubic-bezier(0.4, 0, 0.6, 1) 0ms; transition: transform 195ms cubic-bezier(0.4, 0, 0.6, 1) 0ms;"
    >
      <div>
        <div
          alignitems="center"
          direction="row"
          justifycontent="space-between"
        >
          <p
            class="css-15abi6z"
          >
            €70
          </p>
          <button
            sx="[object Object]"
          >
            More info
          </button>
        </div>
      </div>
    </div>
  </div>
</DocumentFragment>
`;
