// Jest Snapshot v1, https://goo.gl/fbAQLP

exports[`Render LogoHeader should LogoHeader render 1`] = `
<DocumentFragment>
  <a
    aria-current="page"
    class="active"
    href="/"
    style="text-decoration: none;"
  >
    <img
      alt="logo"
      height="60"
      src="/assets/images/logo/logo.png"
      width="75"
    />
  </a>
</DocumentFragment>
`;
