// Jest Snapshot v1, https://goo.gl/fbAQLP

exports[`Card Container Snapshot test should CardContainer match snapshot 1`] = `
<DocumentFragment>
  <div
    class="MuiContainer-root MuiContainer-maxWidthLg css-1oqqzyl-MuiContainer-root"
  >
    <div
      class="css-4b3544"
    >
      <h2
        class="MuiTypography-root MuiTypography-h2 css-cf795h-MuiTypography-root"
      >
        Popular tours
      </h2>
      <a
        href="/catalogue"
      >
        <p
          class="MuiTypography-root MuiTypography-body1 css-ahj2mt-MuiTypography-root"
        >
          View All
        </p>
      </a>
    </div>
    <div
      class="css-1xiibfn"
    >
      <div
        class="css-1on216r"
        id="previous"
      >
        <svg
          aria-hidden="true"
          class="MuiSvgIcon-root MuiSvgIcon-fontSizeMedium css-i4bv87-MuiSvgIcon-root"
          data-testid="ArrowForwardIosIcon"
          focusable="false"
          viewBox="0 0 24 24"
        >
          <path
            d="M6.23 20.23 8 22l10-10L8 2 6.23 3.77 14.46 12z"
          />
        </svg>
      </div>
      <div
        class="css-1tjowg6"
        id="next"
      >
        <svg
          aria-hidden="true"
          class="MuiSvgIcon-root MuiSvgIcon-fontSizeMedium css-i4bv87-MuiSvgIcon-root"
          data-testid="ArrowForwardIosIcon"
          focusable="false"
          viewBox="0 0 24 24"
        >
          <path
            d="M6.23 20.23 8 22l10-10L8 2 6.23 3.77 14.46 12z"
          />
        </svg>
      </div>
      <div
        class="swiper swiper-initialized swiper-horizontal swiper-pointer-events mySwiper"
      >
        <div
          class="swiper-wrapper"
          style="transition-duration: 0ms; transform: translate3d(NaNpx, 0px, 0px);"
        >
          <div
            class="swiper-slide swiper-slide-duplicate"
            data-swiper-slide-index="7"
          >
            <div
              class="css-1iryrks"
            >
              <p
                class="MuiTypography-root MuiTypography-body1 css-1ymd0vv-MuiTypography-root"
              >
                $ 200.00
              </p>
              <h3
                class="MuiTypography-root MuiTypography-h3 css-1w7kxm5-MuiTypography-root"
              >
                Kyiv city walk
              </h3>
              <div
                class="css-h56svl"
              >
                <img
                  alt="location"
                  class="MuiBox-root css-dyqcbf"
                  src="https://visitukraine.today/assets/img/fromukraine/maps-and-flags.png"
                />
                <p
                  class="MuiTypography-root MuiTypography-body1 css-1djbt89-MuiTypography-root"
                >
                  Kyiv region
                </p>
                <svg
                  aria-hidden="true"
                  class="MuiSvgIcon-root MuiSvgIcon-fontSizeSmall css-bwo5fi-MuiSvgIcon-root"
                  data-testid="ArrowForwardIosIcon"
                  focusable="false"
                  viewBox="0 0 24 24"
                >
                  <path
                    d="M6.23 20.23 8 22l10-10L8 2 6.23 3.77 14.46 12z"
                  />
                </svg>
              </div>
            </div>
          </div>
          <div
            class="swiper-slide"
            data-swiper-slide-index="0"
          >
            <div
              class="css-1iryrks"
            >
              <p
                class="MuiTypography-root MuiTypography-body1 css-1ymd0vv-MuiTypography-root"
              >
                $ 200.00
              </p>
              <h3
                class="MuiTypography-root MuiTypography-h3 css-1w7kxm5-MuiTypography-root"
              >
                Kyiv city walk
              </h3>
              <div
                class="css-h56svl"
              >
                <img
                  alt="location"
                  class="MuiBox-root css-dyqcbf"
                  src="https://visitukraine.today/assets/img/fromukraine/maps-and-flags.png"
                />
                <p
                  class="MuiTypography-root MuiTypography-body1 css-1djbt89-MuiTypography-root"
                >
                  Kyiv region
                </p>
                <svg
                  aria-hidden="true"
                  class="MuiSvgIcon-root MuiSvgIcon-fontSizeSmall css-bwo5fi-MuiSvgIcon-root"
                  data-testid="ArrowForwardIosIcon"
                  focusable="false"
                  viewBox="0 0 24 24"
                >
                  <path
                    d="M6.23 20.23 8 22l10-10L8 2 6.23 3.77 14.46 12z"
                  />
                </svg>
              </div>
            </div>
          </div>
          <div
            class="swiper-slide"
            data-swiper-slide-index="1"
          >
            <div
              class="css-1iryrks"
            >
              <p
                class="MuiTypography-root MuiTypography-body1 css-1ymd0vv-MuiTypography-root"
              >
                $ 200.00
              </p>
              <h3
                class="MuiTypography-root MuiTypography-h3 css-1w7kxm5-MuiTypography-root"
              >
                Kyiv city walk
              </h3>
              <div
                class="css-h56svl"
              >
                <img
                  alt="location"
                  class="MuiBox-root css-dyqcbf"
                  src="https://visitukraine.today/assets/img/fromukraine/maps-and-flags.png"
                />
                <p
                  class="MuiTypography-root MuiTypography-body1 css-1djbt89-MuiTypography-root"
                >
                  Kyiv region
                </p>
                <svg
                  aria-hidden="true"
                  class="MuiSvgIcon-root MuiSvgIcon-fontSizeSmall css-bwo5fi-MuiSvgIcon-root"
                  data-testid="ArrowForwardIosIcon"
                  focusable="false"
                  viewBox="0 0 24 24"
                >
                  <path
                    d="M6.23 20.23 8 22l10-10L8 2 6.23 3.77 14.46 12z"
                  />
                </svg>
              </div>
            </div>
          </div>
          <div
            class="swiper-slide"
            data-swiper-slide-index="2"
          >
            <div
              class="css-1iryrks"
            >
              <p
                class="MuiTypography-root MuiTypography-body1 css-1ymd0vv-MuiTypography-root"
              >
                $ 200.00
              </p>
              <h3
                class="MuiTypography-root MuiTypography-h3 css-1w7kxm5-MuiTypography-root"
              >
                Kyiv city walk
              </h3>
              <div
                class="css-h56svl"
              >
                <img
                  alt="location"
                  class="MuiBox-root css-dyqcbf"
                  src="https://visitukraine.today/assets/img/fromukraine/maps-and-flags.png"
                />
                <p
                  class="MuiTypography-root MuiTypography-body1 css-1djbt89-MuiTypography-root"
                >
                  Kyiv region
                </p>
                <svg
                  aria-hidden="true"
                  class="MuiSvgIcon-root MuiSvgIcon-fontSizeSmall css-bwo5fi-MuiSvgIcon-root"
                  data-testid="ArrowForwardIosIcon"
                  focusable="false"
                  viewBox="0 0 24 24"
                >
                  <path
                    d="M6.23 20.23 8 22l10-10L8 2 6.23 3.77 14.46 12z"
                  />
                </svg>
              </div>
            </div>
          </div>
          <div
            class="swiper-slide"
            data-swiper-slide-index="3"
          >
            <div
              class="css-1iryrks"
            >
              <p
                class="MuiTypography-root MuiTypography-body1 css-1ymd0vv-MuiTypography-root"
              >
                $ 200.00
              </p>
              <h3
                class="MuiTypography-root MuiTypography-h3 css-1w7kxm5-MuiTypography-root"
              >
                Kyiv city walk
              </h3>
              <div
                class="css-h56svl"
              >
                <img
                  alt="location"
                  class="MuiBox-root css-dyqcbf"
                  src="https://visitukraine.today/assets/img/fromukraine/maps-and-flags.png"
                />
                <p
                  class="MuiTypography-root MuiTypography-body1 css-1djbt89-MuiTypography-root"
                >
                  Kyiv region
                </p>
                <svg
                  aria-hidden="true"
                  class="MuiSvgIcon-root MuiSvgIcon-fontSizeSmall css-bwo5fi-MuiSvgIcon-root"
                  data-testid="ArrowForwardIosIcon"
                  focusable="false"
                  viewBox="0 0 24 24"
                >
                  <path
                    d="M6.23 20.23 8 22l10-10L8 2 6.23 3.77 14.46 12z"
                  />
                </svg>
              </div>
            </div>
          </div>
          <div
            class="swiper-slide"
            data-swiper-slide-index="4"
          >
            <div
              class="css-1iryrks"
            >
              <p
                class="MuiTypography-root MuiTypography-body1 css-1ymd0vv-MuiTypography-root"
              >
                $ 200.00
              </p>
              <h3
                class="MuiTypography-root MuiTypography-h3 css-1w7kxm5-MuiTypography-root"
              >
                Kyiv city walk
              </h3>
              <div
                class="css-h56svl"
              >
                <img
                  alt="location"
                  class="MuiBox-root css-dyqcbf"
                  src="https://visitukraine.today/assets/img/fromukraine/maps-and-flags.png"
                />
                <p
                  class="MuiTypography-root MuiTypography-body1 css-1djbt89-MuiTypography-root"
                >
                  Kyiv region
                </p>
                <svg
                  aria-hidden="true"
                  class="MuiSvgIcon-root MuiSvgIcon-fontSizeSmall css-bwo5fi-MuiSvgIcon-root"
                  data-testid="ArrowForwardIosIcon"
                  focusable="false"
                  viewBox="0 0 24 24"
                >
                  <path
                    d="M6.23 20.23 8 22l10-10L8 2 6.23 3.77 14.46 12z"
                  />
                </svg>
              </div>
            </div>
          </div>
          <div
            class="swiper-slide"
            data-swiper-slide-index="5"
          >
            <div
              class="css-1iryrks"
            >
              <p
                class="MuiTypography-root MuiTypography-body1 css-1ymd0vv-MuiTypography-root"
              >
                $ 200.00
              </p>
              <h3
                class="MuiTypography-root MuiTypography-h3 css-1w7kxm5-MuiTypography-root"
              >
                Kyiv city walk
              </h3>
              <div
                class="css-h56svl"
              >
                <img
                  alt="location"
                  class="MuiBox-root css-dyqcbf"
                  src="https://visitukraine.today/assets/img/fromukraine/maps-and-flags.png"
                />
                <p
                  class="MuiTypography-root MuiTypography-body1 css-1djbt89-MuiTypography-root"
                >
                  Kyiv region
                </p>
                <svg
                  aria-hidden="true"
                  class="MuiSvgIcon-root MuiSvgIcon-fontSizeSmall css-bwo5fi-MuiSvgIcon-root"
                  data-testid="ArrowForwardIosIcon"
                  focusable="false"
                  viewBox="0 0 24 24"
                >
                  <path
                    d="M6.23 20.23 8 22l10-10L8 2 6.23 3.77 14.46 12z"
                  />
                </svg>
              </div>
            </div>
          </div>
          <div
            class="swiper-slide"
            data-swiper-slide-index="6"
          >
            <div
              class="css-1iryrks"
            >
              <p
                class="MuiTypography-root MuiTypography-body1 css-1ymd0vv-MuiTypography-root"
              >
                $ 200.00
              </p>
              <h3
                class="MuiTypography-root MuiTypography-h3 css-1w7kxm5-MuiTypography-root"
              >
                Kyiv city walk
              </h3>
              <div
                class="css-h56svl"
              >
                <img
                  alt="location"
                  class="MuiBox-root css-dyqcbf"
                  src="https://visitukraine.today/assets/img/fromukraine/maps-and-flags.png"
                />
                <p
                  class="MuiTypography-root MuiTypography-body1 css-1djbt89-MuiTypography-root"
                >
                  Kyiv region
                </p>
                <svg
                  aria-hidden="true"
                  class="MuiSvgIcon-root MuiSvgIcon-fontSizeSmall css-bwo5fi-MuiSvgIcon-root"
                  data-testid="ArrowForwardIosIcon"
                  focusable="false"
                  viewBox="0 0 24 24"
                >
                  <path
                    d="M6.23 20.23 8 22l10-10L8 2 6.23 3.77 14.46 12z"
                  />
                </svg>
              </div>
            </div>
          </div>
          <div
            class="swiper-slide"
            data-swiper-slide-index="7"
          >
            <div
              class="css-1iryrks"
            >
              <p
                class="MuiTypography-root MuiTypography-body1 css-1ymd0vv-MuiTypography-root"
              >
                $ 200.00
              </p>
              <h3
                class="MuiTypography-root MuiTypography-h3 css-1w7kxm5-MuiTypography-root"
              >
                Kyiv city walk
              </h3>
              <div
                class="css-h56svl"
              >
                <img
                  alt="location"
                  class="MuiBox-root css-dyqcbf"
                  src="https://visitukraine.today/assets/img/fromukraine/maps-and-flags.png"
                />
                <p
                  class="MuiTypography-root MuiTypography-body1 css-1djbt89-MuiTypography-root"
                >
                  Kyiv region
                </p>
                <svg
                  aria-hidden="true"
                  class="MuiSvgIcon-root MuiSvgIcon-fontSizeSmall css-bwo5fi-MuiSvgIcon-root"
                  data-testid="ArrowForwardIosIcon"
                  focusable="false"
                  viewBox="0 0 24 24"
                >
                  <path
                    d="M6.23 20.23 8 22l10-10L8 2 6.23 3.77 14.46 12z"
                  />
                </svg>
              </div>
            </div>
          </div>
          <div
            class="swiper-slide swiper-slide-duplicate"
            data-swiper-slide-index="0"
          >
            <div
              class="css-1iryrks"
            >
              <p
                class="MuiTypography-root MuiTypography-body1 css-1ymd0vv-MuiTypography-root"
              >
                $ 200.00
              </p>
              <h3
                class="MuiTypography-root MuiTypography-h3 css-1w7kxm5-MuiTypography-root"
              >
                Kyiv city walk
              </h3>
              <div
                class="css-h56svl"
              >
                <img
                  alt="location"
                  class="MuiBox-root css-dyqcbf"
                  src="https://visitukraine.today/assets/img/fromukraine/maps-and-flags.png"
                />
                <p
                  class="MuiTypography-root MuiTypography-body1 css-1djbt89-MuiTypography-root"
                >
                  Kyiv region
                </p>
                <svg
                  aria-hidden="true"
                  class="MuiSvgIcon-root MuiSvgIcon-fontSizeSmall css-bwo5fi-MuiSvgIcon-root"
                  data-testid="ArrowForwardIosIcon"
                  focusable="false"
                  viewBox="0 0 24 24"
                >
                  <path
                    d="M6.23 20.23 8 22l10-10L8 2 6.23 3.77 14.46 12z"
                  />
                </svg>
              </div>
            </div>
          </div>
        </div>
        <div
          class="swiper-pagination"
        />
      </div>
    </div>
  </div>
</DocumentFragment>
`;
