// Jest Snapshot v1, https://goo.gl/fbAQLP

exports[`AboutUkraine snapshot testing should render aboutUkraine component 1`] = `
<DocumentFragment>
  <div
    style="opacity: 0; transform: translateX(-100px) translateZ(0);"
  >
    <div>
      <div>
        <h2>
          What is Ukraine?
        </h2>
        <h2>
          You are going to explore the largest country in Europe – a picturesque place where innovative creativity meets ancient traditions, and wonderful legends come into reality. Upon the road you will come to know lots of brave and kind-hearted people. They are fighting for freedom and dignity. They are searching for peace and prosperity. They are transforming Ukraine into a modern country, unique business hub and new all-season tourist destination.
        </h2>
        <h2>
          Now get closer. The time has come to unlock the great and still less than fully realized potential of Ukraine. It is our time. And it starts right NOW. So, you’ve got the answer to the question ‘What is Ukraine?’… Welcome, and don’t forget to take a big backpack for some great memories with you!
        </h2>
      </div>
    </div>
  </div>
</DocumentFragment>
`;
