// Jest Snapshot v1, https://goo.gl/fbAQLP

exports[`TourAccordion snapshot testing should TourAccordion match snapshot 1`] = `
<DocumentFragment>
  <div>
    <div
      class="MuiPaper-root MuiPaper-elevation MuiPaper-elevation0 MuiAccordion-root Mui-expanded MuiAccordion-gutters css-i5ltjc-MuiPaper-root-MuiAccordion-root"
    >
      <div
        aria-expanded="true"
        class="MuiButtonBase-root MuiAccordionSummary-root Mui-expanded MuiAccordionSummary-gutters css-tsm144-MuiButtonBase-root-MuiAccordionSummary-root"
        role="button"
        tabindex="0"
      >
        <div
          class="MuiAccordionSummary-content Mui-expanded MuiAccordionSummary-contentGutters css-o4b71y-MuiAccordionSummary-content"
        >
          <h2
            class="MuiTypography-root MuiTypography-h2 css-1sra7t5-MuiTypography-root"
          >
            Accordion
          </h2>
        </div>
        <div
          class="MuiAccordionSummary-expandIconWrapper Mui-expanded css-yw020d-MuiAccordionSummary-expandIconWrapper"
        >
          <svg
            aria-hidden="true"
            class="MuiSvgIcon-root MuiSvgIcon-fontSizeLarge css-tzssek-MuiSvgIcon-root"
            data-testid="ExpandMoreIcon"
            focusable="false"
            viewBox="0 0 24 24"
          >
            <path
              d="M16.59 8.59 12 13.17 7.41 8.59 6 10l6 6 6-6z"
            />
          </svg>
        </div>
      </div>
      <div
        class="MuiCollapse-root MuiCollapse-vertical MuiCollapse-entered css-pwcg7p-MuiCollapse-root"
        style="min-height: 0px;"
      >
        <div
          class="MuiCollapse-wrapper MuiCollapse-vertical css-smkl36-MuiCollapse-wrapper"
        >
          <div
            class="MuiCollapse-wrapperInner MuiCollapse-vertical css-9l5vo-MuiCollapse-wrapperInner"
          >
            <div
              class="MuiAccordion-region"
              role="region"
            >
              <div
                class="MuiAccordionDetails-root css-m733ju-MuiAccordionDetails-root"
              >
                <p>
                  Accordion text
                </p>
              </div>
            </div>
          </div>
        </div>
      </div>
    </div>
  </div>
</DocumentFragment>
`;
